\BOOKMARK [-1][-]{part.1}{I 部分测试}{}% 1
\BOOKMARK [0][-]{chapter.1}{章测试}{part.1}% 2